
Discarded input sections

 .reginfo       0x0000000000000000       0x18 src/cd_load.o
 .MIPS.abiflags
                0x0000000000000000       0x18 src/cd_load.o
 .pdr           0x0000000000000000       0x60 src/cd_load.o
 .reginfo       0x0000000000000000       0x18 src/GemRedistributer.o
 .MIPS.abiflags
                0x0000000000000000       0x18 src/GemRedistributer.o
 .pdr           0x0000000000000000       0xc0 src/GemRedistributer.o
 .reginfo       0x0000000000000000       0x18 src/cutscene.o
 .MIPS.abiflags
                0x0000000000000000       0x18 src/cutscene.o
 .pdr           0x0000000000000000       0x20 src/cutscene.o
 .reginfo       0x0000000000000000       0x18 ./../../common/my_math.o
 .MIPS.abiflags
                0x0000000000000000       0x18 ./../../common/my_math.o
 .pdr           0x0000000000000000       0x40 ./../../common/my_math.o
 .reginfo       0x0000000000000000       0x18 ./../../common/moby.o
 .MIPS.abiflags
                0x0000000000000000       0x18 ./../../common/moby.o
 .pdr           0x0000000000000000       0x40 ./../../common/moby.o
 .reginfo       0x0000000000000000       0x18 ./../../common/custom_text.o
 .MIPS.abiflags
                0x0000000000000000       0x18 ./../../common/custom_text.o
 .pdr           0x0000000000000000       0x80 ./../../common/custom_text.o

Memory Configuration

Name             Origin             Length             Attributes
*default*        0x0000000000000000 0xffffffffffffffff

Linker script and memory map

LOAD asm/hook_cd.o
LOAD src/cd_load.o
LOAD src/GemRedistributer.o
LOAD src/cutscene.o
LOAD ./../../common/my_math.o
LOAD ./../../common/moby.o
LOAD ./../../common/custom_text.o
                0x000000008000b0b8                OVR_START_ADDR = 0x8000b0b8
                0x000000008000d5c4                __heap_base = __ovr_end
                0x000000008000b0b8                __ovr_start = 0x8000b0b8

.MIPS.abiflags  0x0000000000000000       0x18
 .MIPS.abiflags
                0x0000000000000000       0x18 asm/hook_cd.o

.asmhook_cds    0x000000008000b0b8    0x28d84
                0x0000000080033e38                . = (. + 0x28d80)
 *fill*         0x000000008000b0b8    0x28d80 
 asm/hook_cd.o(.text*)
 .text          0x0000000080033e38        0x4 asm/hook_cd.o
 asm/hook_cd.o(.rodata*)
 asm/hook_cd.o(.sdata*)
 asm/hook_cd.o(.data*)
 .data          0x0000000080033e3c        0x0 asm/hook_cd.o
 asm/hook_cd.o(.sbss*)
 asm/hook_cd.o(.bss*)
 .bss           0x0000000080033e3c        0x0 asm/hook_cd.o
 asm/hook_cd.o(.ctors)
                0x0000000080033e3c                . = ALIGN (0x4)
                0x000000008000d5c4                __ovr_end = .
                [!provide]                        PROVIDE (__load_start_asmhook_cds = LOADADDR (.asmhook_cds))
                [!provide]                        PROVIDE (__load_stop_asmhook_cds = (LOADADDR (.asmhook_cds) + SIZEOF (.asmhook_cds)))

.srccd_loadc    0x000000008000b0b8      0x148 load address 0x0000000080033e3c
 src/cd_load.o(.text*)
 .text          0x000000008000b0b8        0x0 src/cd_load.o
 .text.read_cb  0x000000008000b0b8       0x6c src/cd_load.o
                0x000000008000b0b8                read_cb
 .text.init     0x000000008000b124       0xa8 src/cd_load.o
                0x000000008000b124                init
 .text.CdMain   0x000000008000b1cc       0x24 src/cd_load.o
                0x000000008000b1cc                CdMain
 src/cd_load.o(.rodata*)
 src/cd_load.o(.sdata*)
 .sdata         0x000000008000b1f0        0x4 src/cd_load.o
                0x000000008000b1f0                mode
 src/cd_load.o(.data*)
 .data          0x000000008000b1f4        0x0 src/cd_load.o
 src/cd_load.o(.sbss*)
 .sbss          0x000000008000b1f4        0xc src/cd_load.o
                0x000000008000b1f4                CDIsLoading
                0x000000008000b1f5                isInitialised
                0x000000008000b1f8                loc
                0x000000008000b1fc                callback
 src/cd_load.o(.bss*)
 .bss           0x000000008000b200        0x0 src/cd_load.o
 src/cd_load.o(.ctors)
                0x000000008000b200                . = ALIGN (0x4)
                0x000000008000d5c4                __ovr_end = .
                [!provide]                        PROVIDE (__load_start_srccd_loadc = LOADADDR (.srccd_loadc))
                [!provide]                        PROVIDE (__load_stop_srccd_loadc = (LOADADDR (.srccd_loadc) + SIZEOF (.srccd_loadc)))

.mod            0x000000008000b0b8     0x250c load address 0x0000000080033f84
                0x0000000080034d84                . = (. + 0xf48)
 *fill*         0x000000008000b0b8      0xf48 
 src/GemRedistributer.o(.text*)
 .text          0x000000008000c000        0x0 src/GemRedistributer.o
 .text.SelectSeed
                0x000000008000c000      0x2c8 src/GemRedistributer.o
                0x000000008000c000                SelectSeed
 .text.ParseGemData
                0x000000008000c2c8      0x2fc src/GemRedistributer.o
                0x000000008000c2c8                ParseGemData
 .text.ReturnRandomGemOffset
                0x000000008000c5c4      0x128 src/GemRedistributer.o
                0x000000008000c5c4                ReturnRandomGemOffset
 .text.ReplaceGemData
                0x000000008000c6ec      0x104 src/GemRedistributer.o
                0x000000008000c6ec                ReplaceGemData
 .text.UpdateFlags
                0x000000008000c7f0      0x108 src/GemRedistributer.o
                0x000000008000c7f0                UpdateFlags
 .text.mainFunc
                0x000000008000c8f8       0xf0 src/GemRedistributer.o
                0x000000008000c8f8                mainFunc
 src/cutscene.o(.text*)
 .text          0x000000008000c9e8        0x0 src/cutscene.o
 .text.PlayCustomCutscene
                0x000000008000c9e8      0x680 src/cutscene.o
                0x000000008000c9e8                PlayCustomCutscene
 ./../../common/my_math.o(.text*)
 .text          0x000000008000d068        0x0 ./../../common/my_math.o
 .text.Vector3Lerp
                0x000000008000d068       0xac ./../../common/my_math.o
                0x000000008000d068                Vector3Lerp
 .text.CameraAngleLerp
                0x000000008000d114      0x150 ./../../common/my_math.o
                0x000000008000d114                CameraAngleLerp
 ./../../common/moby.o(.text*)
 .text          0x000000008000d264        0x0 ./../../common/moby.o
 .text.CustomDrawMoby
                0x000000008000d264       0xd0 ./../../common/moby.o
                0x000000008000d264                CustomDrawMoby
 .text.MobyRender
                0x000000008000d334       0x34 ./../../common/moby.o
                0x000000008000d334                MobyRender
 ./../../common/custom_text.o(.text*)
 .text          0x000000008000d368        0x0 ./../../common/custom_text.o
 .text.ConvertToUpperCase
                0x000000008000d368       0x34 ./../../common/custom_text.o
                0x000000008000d368                ConvertToUpperCase
 .text.TextLengthInUnits
                0x000000008000d39c       0x30 ./../../common/custom_text.o
                0x000000008000d39c                TextLengthInUnits
 .text.CustomDrawText
                0x000000008000d3cc      0x114 ./../../common/custom_text.o
                0x000000008000d3cc                CustomDrawText
 .text.EasyDrawText
                0x000000008000d4e0       0x2c ./../../common/custom_text.o
                0x000000008000d4e0                EasyDrawText
 src/GemRedistributer.o(.rodata*)
 .rodata.str1.4
                0x000000008000d50c       0x28 src/GemRedistributer.o
 src/cutscene.o(.rodata*)
 .rodata.str1.4
                0x000000008000d534        0x5 src/cutscene.o
 *fill*         0x000000008000d539        0x3 
 .rodata        0x000000008000d53c       0x14 src/cutscene.o
 ./../../common/my_math.o(.rodata*)
 ./../../common/moby.o(.rodata*)
 ./../../common/custom_text.o(.rodata*)
 src/GemRedistributer.o(.sdata*)
 src/cutscene.o(.sdata*)
 ./../../common/my_math.o(.sdata*)
 ./../../common/moby.o(.sdata*)
 ./../../common/custom_text.o(.sdata*)
 src/GemRedistributer.o(.data*)
 .data          0x000000008000d550        0x0 src/GemRedistributer.o
 src/cutscene.o(.data*)
 .data          0x000000008000d550        0x0 src/cutscene.o
 ./../../common/my_math.o(.data*)
 .data          0x000000008000d550        0x0 ./../../common/my_math.o
 ./../../common/moby.o(.data*)
 .data          0x000000008000d550        0x0 ./../../common/moby.o
 ./../../common/custom_text.o(.data*)
 .data          0x000000008000d550        0x0 ./../../common/custom_text.o
 src/GemRedistributer.o(.sbss*)
 .sbss          0x000000008000d550       0x34 src/GemRedistributer.o
                0x000000008000d550                amountOfHeldGems
                0x000000008000d554                amountOfGemMobys
                0x000000008000d558                totalAmountOfPhysicalGems
                0x000000008000d55c                amountOfPinkGems
                0x000000008000d55d                amountOfYellowGems
                0x000000008000d55e                amountOfBlueGems
                0x000000008000d55f                amountOfGreenGems
                0x000000008000d560                amountOfRedGems
                0x000000008000d562                chosenSeed
                0x000000008000d564                hasReplacedAfterEntry
                0x000000008000d568                shouldPlayCutscene
                0x000000008000d56c                hasRanFirstSeed
                0x000000008000d570                hasSeedChanged
                0x000000008000d574                hasSelectedSeed
                0x000000008000d578                hasReplacedLevelGems
                0x000000008000d57c                hasParsedLevelGemData
 src/cutscene.o(.sbss*)
 .sbss          0x000000008000d584       0x28 src/cutscene.o
 ./../../common/my_math.o(.sbss*)
 ./../../common/moby.o(.sbss*)
 ./../../common/custom_text.o(.sbss*)
 src/GemRedistributer.o(.bss*)
 .bss           0x000000008000d5ac        0x0 src/GemRedistributer.o
 src/cutscene.o(.bss*)
 .bss           0x000000008000d5ac       0x18 src/cutscene.o
 ./../../common/my_math.o(.bss*)
 .bss           0x000000008000d5c4        0x0 ./../../common/my_math.o
 ./../../common/moby.o(.bss*)
 .bss           0x000000008000d5c4        0x0 ./../../common/moby.o
 ./../../common/custom_text.o(.bss*)
 .bss           0x000000008000d5c4        0x0 ./../../common/custom_text.o
 src/GemRedistributer.o(.ctors)
 src/cutscene.o(.ctors)
 ./../../common/my_math.o(.ctors)
 ./../../common/moby.o(.ctors)
 ./../../common/custom_text.o(.ctors)
                0x000000008000d5c4                . = ALIGN (0x4)
                0x000000008000d5c4                __ovr_end = .
                [!provide]                        PROVIDE (__load_start_mod = LOADADDR (.mod))
                [!provide]                        PROVIDE (__load_stop_mod = (LOADADDR (.mod) + SIZEOF (.mod)))
                0x00000000800758b4                _levelID = 0x800758b4
                0x00000000800758ac                _portalToExitFromInHW = 0x800758ac
                0x0000000080077380                _currentButton = 0x80077380
                0x0000000080077378                _currentButtonOneFrame = 0x80077378
                0x0000000080078e50                _secondController = 0x80078e50
                0x00000000800773d2                _leftAnalogStick = 0x800773d2
                0x00000000800773d0                _rightAnalogStick = 0x800773d0
                0x00000000800757d8                _gameState = 0x800757d8
                0x0000000080075860                _globalGems = 0x80075860
                0x0000000080078a58                _spyro = 0x80078a58
                0x00000000800749e0                _globalTimer = 0x800749e0
                0x000000008007572c                _levelTimerWhenActive = 0x8007572c
                0x00000000800758c8                _levelTimer_60fps = 0x800758c8
                0x00000000800758b8                _pausedTimer = 0x800758b8
                0x00000000800749e0                _vSyncTimer = 0x800749e0
                0x0000000080076df8                _cameraPosition = 0x80076df8
                0x0000000080076e1c                _cameraAngle = 0x80076e1c
                0x0000000080033b4c                _shouldCameraFollowSpyro = 0x80033b4c
                0x0000000080035fb4                _LockCameraToSpyroPTR = 0x80035fb4
                0x0000000080075918                _effect_ScreenFadeIn = 0x80075918
                0x00000000800756c0                _effect_ScreenLetterBox = 0x800756c0
                0x0000000080075744                _selectMenuOption = 0x80075744
                0x0000000080075720                _startMenuSelection = 0x80075720
                0x00000000800757c8                _isInsideOptionsMenu = 0x800757c8
                0x0000000080078d88                _mainMenuState = 0x80078d88
                0x000000008007566c                _isPastTitleScreen = 0x8007566c
                0x00000000800777e8                _ballonistState = 0x800777e8
                0x0000000080078ad4                _glideSubState = 0x80078ad4
                0x0000000080076ea8                _flyInAnimation = 0x80076ea8
                0x00000000801ffe64                _fullyPaused = 0x801ffe64
                0x0000000080078ca4                _flightWingsAnimation = 0x80078ca4
                0x0000000080078d94                _whichCutscene = 0x80078d94
                0x00000000800756b0                _isLoading = 0x800756b0
                0x0000000080078c48                _isInLoadingScreen = 0x80078c48
                0x0000000080078c70                _isInPortal = 0x80078c70
                0x00000000800756d0                _canFlyIn = 0x800756d0
                0x0000000080077900                _collectablesStateArray = 0x80077900
                0x0000000080075710                _ptr_HudMobyData = 0x80075710
                0x0000000080075828                _ptr_levelMobys = 0x80075828
                0x000000008007573c                _ptr_dynamicLevelMobys = 0x8007573c
                0x0000000080075930                _ptr_endDynamicMobys = 0x80075930
                0x0000000080075930                _ptr_levelMobyData = 0x80075930
                0x0000000080075738                _ptr_particleLinkedList = 0x80075738
                0x00000000800757b0                _ptr_graphicsRelated = 0x800757b0
                0x00000000800720f4                _ptrTextUnk = 0x800720f4
                0x0000000080077fe4                _headAndChestSpinTimer = 0x80077fe4
                0x000000008006cc78                _unk_spinRelated = 0x8006cc78
                0x00000000800761d4                _localSoundEffects = 0x800761d4
                0x0000000080078d00                _canOpenFairyText = 0x80078d00
                0x0000000080078d08                _fairyMenuSelection = 0x80078d08
                0x0000000080078d0c                _fairyMenusArray = 0x80078d0c
                0x000000008006f200                _musicSectors = 0x8006f200
                0x000000008006279c                printf = 0x8006279c
                0x0000000080062fd4                sprintf = 0x80062fd4
                0x0000000080016914                memset = 0x80016914
                0x000000008006272c                rand = 0x8006272c
                0x000000008006275c                srand = 0x8006275c
                0x0000000080017fe4                DrawTextCapitals = 0x80017fe4
                0x00000000800181ac                DrawTextAll = 0x800181ac
                0x000000008001860c                DrawTextBox = 0x8001860c
                0x0000000080018534                DrawArrow = 0x80018534
                0x000000008001844c                DrawLine = 0x8001844c
                0x00000000800168dc                DrawOpaqueShape = 0x800168dc
                0x00000000800190d4                FillScreenColor = 0x800190d4
                0x0000000080055a78                PlaySoundEffect = 0x80055a78
                0x0000000080060670                DrawShapePreReq = 0x80060670
                0x000000008001f798                DrawMobys = 0x8001f798
                0x0000000080018880                CopyHudToShaded = 0x80018880
                0x0000000080022a2c                DrawShadedMobys = 0x80022a2c
                0x00000000800529e4                UpdateMobyCollision = 0x800529e4
                0x0000000080017bfc                Vec3IntToShortDiv4 = 0x80017bfc
                0x0000000080053570                GetNextParticleSlot = 0x80053570
                0x00000000800873e0                CreateParticle = 0x800873e0
                0x00000000800331ac                PlayIntroCutscenes = 0x800331ac
                0x000000008002d440                TheAdventureBegins = 0x8002d440
                0x0000000080032b08                TheAdventureContinues = 0x80032b08
                0x0000000080035fb4                LockCameraToSpyro = 0x80035fb4
                0x0000000080019698                RenderObjs = 0x80019698
                0x000000008006606c                CdRead = 0x8006606c
                0x000000008006397c                CdInit = 0x8006397c
                0x000000008006623c                CdReadCallback = 0x8006623c
                0x0000000080063a8c                CdStatus = 0x80063a8c
                0x0000000080063bd8                CdSync = 0x80063bd8
                0x0000000080063c48                CdControl = 0x80063c48
                0x0000000080063eac                CdControlB = 0x80063eac
                0x0000000080064050                CdDataCallback = 0x80064050
                0x0000000080064094                CdIntToPos = 0x80064094
                0x0000000080064198                CdPosToInt = 0x80064198
                0x00000000800647a0                Cd_Sync = 0x800647a0
                0x0000000080064010                CdGetSector = 0x80064010
OUTPUT(mod.elf elf32-littlemips)

.reginfo        0x0000000000000000       0x18
 .reginfo       0x0000000000000000       0x18 asm/hook_cd.o

.pdr            0x0000000000000000        0x0
 .pdr           0x0000000000000000        0x0 asm/hook_cd.o

.gnu.attributes
                0x0000000000000000       0x10
 .gnu.attributes
                0x0000000000000000       0x10 asm/hook_cd.o
 .gnu.attributes
                0x0000000000000010       0x10 src/cd_load.o
 .gnu.attributes
                0x0000000000000020       0x10 src/GemRedistributer.o
 .gnu.attributes
                0x0000000000000030       0x10 src/cutscene.o
 .gnu.attributes
                0x0000000000000040       0x10 ./../../common/my_math.o
 .gnu.attributes
                0x0000000000000050       0x10 ./../../common/moby.o
 .gnu.attributes
                0x0000000000000060       0x10 ./../../common/custom_text.o

.mdebug.abi32   0x0000000000000000        0x0
 .mdebug.abi32  0x0000000000000000        0x0 src/cd_load.o
 .mdebug.abi32  0x0000000000000000        0x0 src/GemRedistributer.o
 .mdebug.abi32  0x0000000000000000        0x0 src/cutscene.o
 .mdebug.abi32  0x0000000000000000        0x0 ./../../common/my_math.o
 .mdebug.abi32  0x0000000000000000        0x0 ./../../common/moby.o
 .mdebug.abi32  0x0000000000000000        0x0 ./../../common/custom_text.o

.comment        0x0000000000000000       0x12
 .comment       0x0000000000000000       0x12 src/cd_load.o
                                         0x13 (size before relaxing)
 .comment       0x0000000000000012       0x13 src/GemRedistributer.o
 .comment       0x0000000000000012       0x13 src/cutscene.o
 .comment       0x0000000000000012       0x13 ./../../common/my_math.o
 .comment       0x0000000000000012       0x13 ./../../common/moby.o
 .comment       0x0000000000000012       0x13 ./../../common/custom_text.o
